com.myorg.CdkTest.testStack=[
  {
    "_nodeFactory": {
      "_cfgBigDecimalExact": false
    },
    "_children": {
      "Parameters": {
        "_nodeFactory": {
          "_cfgBigDecimalExact": false
        },
        "_children": {
          "AssetParameters46c0277996190033243e7490c8ab35b0018660b0fd1a060f13e8c65ad635dd0bArtifactHash916FD55F": {
            "_nodeFactory": {
              "_cfgBigDecimalExact": false
            },
            "_children": {
              "Description": {
                "_value": "Artifact hash for asset \"46c0277996190033243e7490c8ab35b0018660b0fd1a060f13e8c65ad635dd0b\"",
                "empty": true,
                "array": false,
                "null": false,
                "float": false,
                "short": false,
                "long": false,
                "pojo": false,
                "binary": false,
                "int": false,
                "double": false,
                "valueNode": true,
                "object": false,
                "containerNode": false,
                "missingNode": false,
                "integralNumber": false,
                "floatingPointNumber": false,
                "bigDecimal": false,
                "bigInteger": false,
                "textual": true,
                "boolean": false,
                "number": false
              },
              "Type": {
                "_value": "String",
                "empty": true,
                "array": false,
                "null": false,
                "float": false,
                "short": false,
                "long": false,
                "pojo": false,
                "binary": false,
                "int": false,
                "double": false,
                "valueNode": true,
                "object": false,
                "containerNode": false,
                "missingNode": false,
                "integralNumber": false,
                "floatingPointNumber": false,
                "bigDecimal": false,
                "bigInteger": false,
                "textual": true,
                "boolean": false,
                "number": false
              }
            },
            "empty": false,
            "object": true,
            "array": false,
            "null": false,
            "float": false,
            "short": false,
            "long": false,
            "pojo": false,
            "binary": false,
            "int": false,
            "double": false,
            "valueNode": false,
            "containerNode": true,
            "missingNode": false,
            "integralNumber": false,
            "floatingPointNumber": false,
            "bigDecimal": false,
            "bigInteger": false,
            "textual": false,
            "boolean": false,
            "number": false
          },
          "AssetParameters46c0277996190033243e7490c8ab35b0018660b0fd1a060f13e8c65ad635dd0bS3Bucket7C43A93C": {
            "_nodeFactory": {
              "_cfgBigDecimalExact": false
            },
            "_children": {
              "Description": {
                "_value": "S3 bucket for asset \"46c0277996190033243e7490c8ab35b0018660b0fd1a060f13e8c65ad635dd0b\"",
                "empty": true,
                "array": false,
                "null": false,
                "float": false,
                "short": false,
                "long": false,
                "pojo": false,
                "binary": false,
                "int": false,
                "double": false,
                "valueNode": true,
                "object": false,
                "containerNode": false,
                "missingNode": false,
                "integralNumber": false,
                "floatingPointNumber": false,
                "bigDecimal": false,
                "bigInteger": false,
                "textual": true,
                "boolean": false,
                "number": false
              },
              "Type": {
                "_value": "String",
                "empty": true,
                "array": false,
                "null": false,
                "float": false,
                "short": false,
                "long": false,
                "pojo": false,
                "binary": false,
                "int": false,
                "double": false,
                "valueNode": true,
                "object": false,
                "containerNode": false,
                "missingNode": false,
                "integralNumber": false,
                "floatingPointNumber": false,
                "bigDecimal": false,
                "bigInteger": false,
                "textual": true,
                "boolean": false,
                "number": false
              }
            },
            "empty": false,
            "object": true,
            "array": false,
            "null": false,
            "float": false,
            "short": false,
            "long": false,
            "pojo": false,
            "binary": false,
            "int": false,
            "double": false,
            "valueNode": false,
            "containerNode": true,
            "missingNode": false,
            "integralNumber": false,
            "floatingPointNumber": false,
            "bigDecimal": false,
            "bigInteger": false,
            "textual": false,
            "boolean": false,
            "number": false
          },
          "AssetParameters46c0277996190033243e7490c8ab35b0018660b0fd1a060f13e8c65ad635dd0bS3VersionKey8B1568C2": {
            "_nodeFactory": {
              "_cfgBigDecimalExact": false
            },
            "_children": {
              "Description": {
                "_value": "S3 key for asset version \"46c0277996190033243e7490c8ab35b0018660b0fd1a060f13e8c65ad635dd0b\"",
                "empty": true,
                "array": false,
                "null": false,
                "float": false,
                "short": false,
                "long": false,
                "pojo": false,
                "binary": false,
                "int": false,
                "double": false,
                "valueNode": true,
                "object": false,
                "containerNode": false,
                "missingNode": false,
                "integralNumber": false,
                "floatingPointNumber": false,
                "bigDecimal": false,
                "bigInteger": false,
                "textual": true,
                "boolean": false,
                "number": false
              },
              "Type": {
                "_value": "String",
                "empty": true,
                "array": false,
                "null": false,
                "float": false,
                "short": false,
                "long": false,
                "pojo": false,
                "binary": false,
                "int": false,
                "double": false,
                "valueNode": true,
                "object": false,
                "containerNode": false,
                "missingNode": false,
                "integralNumber": false,
                "floatingPointNumber": false,
                "bigDecimal": false,
                "bigInteger": false,
                "textual": true,
                "boolean": false,
                "number": false
              }
            },
            "empty": false,
            "object": true,
            "array": false,
            "null": false,
            "float": false,
            "short": false,
            "long": false,
            "pojo": false,
            "binary": false,
            "int": false,
            "double": false,
            "valueNode": false,
            "containerNode": true,
            "missingNode": false,
            "integralNumber": false,
            "floatingPointNumber": false,
            "bigDecimal": false,
            "bigInteger": false,
            "textual": false,
            "boolean": false,
            "number": false
          }
        },
        "empty": false,
        "object": true,
        "array": false,
        "null": false,
        "float": false,
        "short": false,
        "long": false,
        "pojo": false,
        "binary": false,
        "int": false,
        "double": false,
        "valueNode": false,
        "containerNode": true,
        "missingNode": false,
        "integralNumber": false,
        "floatingPointNumber": false,
        "bigDecimal": false,
        "bigInteger": false,
        "textual": false,
        "boolean": false,
        "number": false
      },
      "Resources": {
        "_nodeFactory": {
          "_cfgBigDecimalExact": false
        },
        "_children": {
          "quarkuslambda8FEF34C5": {
            "_nodeFactory": {
              "_cfgBigDecimalExact": false
            },
            "_children": {
              "DependsOn": {
                "_nodeFactory": {
                  "_cfgBigDecimalExact": false
                },
                "_children": [
                  {
                    "_value": "quarkuslambdaServiceRole1F38A68C",
                    "empty": true,
                    "array": false,
                    "null": false,
                    "float": false,
                    "short": false,
                    "long": false,
                    "pojo": false,
                    "binary": false,
                    "int": false,
                    "double": false,
                    "valueNode": true,
                    "object": false,
                    "containerNode": false,
                    "missingNode": false,
                    "integralNumber": false,
                    "floatingPointNumber": false,
                    "bigDecimal": false,
                    "bigInteger": false,
                    "textual": true,
                    "boolean": false,
                    "number": false
                  }
                ],
                "array": true,
                "empty": false,
                "null": false,
                "float": false,
                "short": false,
                "long": false,
                "pojo": false,
                "binary": false,
                "int": false,
                "double": false,
                "valueNode": false,
                "object": false,
                "containerNode": true,
                "missingNode": false,
                "integralNumber": false,
                "floatingPointNumber": false,
                "bigDecimal": false,
                "bigInteger": false,
                "textual": false,
                "boolean": false,
                "number": false
              },
              "Properties": {
                "_nodeFactory": {
                  "_cfgBigDecimalExact": false
                },
                "_children": {
                  "Code": {
                    "_nodeFactory": {
                      "_cfgBigDecimalExact": false
                    },
                    "_children": {
                      "S3Bucket": {
                        "_nodeFactory": {
                          "_cfgBigDecimalExact": false
                        },
                        "_children": {
                          "Ref": {
                            "_value": "AssetParameters46c0277996190033243e7490c8ab35b0018660b0fd1a060f13e8c65ad635dd0bS3Bucket7C43A93C",
                            "empty": true,
                            "array": false,
                            "null": false,
                            "float": false,
                            "short": false,
                            "long": false,
                            "pojo": false,
                            "binary": false,
                            "int": false,
                            "double": false,
                            "valueNode": true,
                            "object": false,
                            "containerNode": false,
                            "missingNode": false,
                            "integralNumber": false,
                            "floatingPointNumber": false,
                            "bigDecimal": false,
                            "bigInteger": false,
                            "textual": true,
                            "boolean": false,
                            "number": false
                          }
                        },
                        "empty": false,
                        "object": true,
                        "array": false,
                        "null": false,
                        "float": false,
                        "short": false,
                        "long": false,
                        "pojo": false,
                        "binary": false,
                        "int": false,
                        "double": false,
                        "valueNode": false,
                        "containerNode": true,
                        "missingNode": false,
                        "integralNumber": false,
                        "floatingPointNumber": false,
                        "bigDecimal": false,
                        "bigInteger": false,
                        "textual": false,
                        "boolean": false,
                        "number": false
                      },
                      "S3Key": {
                        "_nodeFactory": {
                          "_cfgBigDecimalExact": false
                        },
                        "_children": {
                          "Fn::Join": {
                            "_nodeFactory": {
                              "_cfgBigDecimalExact": false
                            },
                            "_children": [
                              {
                                "_value": "",
                                "empty": true,
                                "array": false,
                                "null": false,
                                "float": false,
                                "short": false,
                                "long": false,
                                "pojo": false,
                                "binary": false,
                                "int": false,
                                "double": false,
                                "valueNode": true,
                                "object": false,
                                "containerNode": false,
                                "missingNode": false,
                                "integralNumber": false,
                                "floatingPointNumber": false,
                                "bigDecimal": false,
                                "bigInteger": false,
                                "textual": true,
                                "boolean": false,
                                "number": false
                              },
                              {
                                "_nodeFactory": {
                                  "_cfgBigDecimalExact": false
                                },
                                "_children": [
                                  {
                                    "_nodeFactory": {
                                      "_cfgBigDecimalExact": false
                                    },
                                    "_children": {
                                      "Fn::Select": {
                                        "_nodeFactory": {
                                          "_cfgBigDecimalExact": false
                                        },
                                        "_children": [
                                          {
                                            "_value": 0,
                                            "int": true,
                                            "integralNumber": true,
                                            "naN": false,
                                            "empty": true,
                                            "array": false,
                                            "null": false,
                                            "float": false,
                                            "short": false,
                                            "long": false,
                                            "pojo": false,
                                            "binary": false,
                                            "double": false,
                                            "valueNode": true,
                                            "object": false,
                                            "containerNode": false,
                                            "missingNode": false,
                                            "floatingPointNumber": false,
                                            "bigDecimal": false,
                                            "bigInteger": false,
                                            "textual": false,
                                            "boolean": false,
                                            "number": true
                                          },
                                          {
                                            "_nodeFactory": {
                                              "_cfgBigDecimalExact": false
                                            },
                                            "_children": {
                                              "Fn::Split": {
                                                "_nodeFactory": {
                                                  "_cfgBigDecimalExact": false
                                                },
                                                "_children": [
                                                  {
                                                    "_value": "||",
                                                    "empty": true,
                                                    "array": false,
                                                    "null": false,
                                                    "float": false,
                                                    "short": false,
                                                    "long": false,
                                                    "pojo": false,
                                                    "binary": false,
                                                    "int": false,
                                                    "double": false,
                                                    "valueNode": true,
                                                    "object": false,
                                                    "containerNode": false,
                                                    "missingNode": false,
                                                    "integralNumber": false,
                                                    "floatingPointNumber": false,
                                                    "bigDecimal": false,
                                                    "bigInteger": false,
                                                    "textual": true,
                                                    "boolean": false,
                                                    "number": false
                                                  },
                                                  {
                                                    "_nodeFactory": {
                                                      "_cfgBigDecimalExact": false
                                                    },
                                                    "_children": {
                                                      "Ref": {
                                                        "_value": "AssetParameters46c0277996190033243e7490c8ab35b0018660b0fd1a060f13e8c65ad635dd0bS3VersionKey8B1568C2",
                                                        "empty": true,
                                                        "array": false,
                                                        "null": false,
                                                        "float": false,
                                                        "short": false,
                                                        "long": false,
                                                        "pojo": false,
                                                        "binary": false,
                                                        "int": false,
                                                        "double": false,
                                                        "valueNode": true,
                                                        "object": false,
                                                        "containerNode": false,
                                                        "missingNode": false,
                                                        "integralNumber": false,
                                                        "floatingPointNumber": false,
                                                        "bigDecimal": false,
                                                        "bigInteger": false,
                                                        "textual": true,
                                                        "boolean": false,
                                                        "number": false
                                                      }
                                                    },
                                                    "empty": false,
                                                    "object": true,
                                                    "array": false,
                                                    "null": false,
                                                    "float": false,
                                                    "short": false,
                                                    "long": false,
                                                    "pojo": false,
                                                    "binary": false,
                                                    "int": false,
                                                    "double": false,
                                                    "valueNode": false,
                                                    "containerNode": true,
                                                    "missingNode": false,
                                                    "integralNumber": false,
                                                    "floatingPointNumber": false,
                                                    "bigDecimal": false,
                                                    "bigInteger": false,
                                                    "textual": false,
                                                    "boolean": false,
                                                    "number": false
                                                  }
                                                ],
                                                "array": true,
                                                "empty": false,
                                                "null": false,
                                                "float": false,
                                                "short": false,
                                                "long": false,
                                                "pojo": false,
                                                "binary": false,
                                                "int": false,
                                                "double": false,
                                                "valueNode": false,
                                                "object": false,
                                                "containerNode": true,
                                                "missingNode": false,
                                                "integralNumber": false,
                                                "floatingPointNumber": false,
                                                "bigDecimal": false,
                                                "bigInteger": false,
                                                "textual": false,
                                                "boolean": false,
                                                "number": false
                                              }
                                            },
                                            "empty": false,
                                            "object": true,
                                            "array": false,
                                            "null": false,
                                            "float": false,
                                            "short": false,
                                            "long": false,
                                            "pojo": false,
                                            "binary": false,
                                            "int": false,
                                            "double": false,
                                            "valueNode": false,
                                            "containerNode": true,
                                            "missingNode": false,
                                            "integralNumber": false,
                                            "floatingPointNumber": false,
                                            "bigDecimal": false,
                                            "bigInteger": false,
                                            "textual": false,
                                            "boolean": false,
                                            "number": false
                                          }
                                        ],
                                        "array": true,
                                        "empty": false,
                                        "null": false,
                                        "float": false,
                                        "short": false,
                                        "long": false,
                                        "pojo": false,
                                        "binary": false,
                                        "int": false,
                                        "double": false,
                                        "valueNode": false,
                                        "object": false,
                                        "containerNode": true,
                                        "missingNode": false,
                                        "integralNumber": false,
                                        "floatingPointNumber": false,
                                        "bigDecimal": false,
                                        "bigInteger": false,
                                        "textual": false,
                                        "boolean": false,
                                        "number": false
                                      }
                                    },
                                    "empty": false,
                                    "object": true,
                                    "array": false,
                                    "null": false,
                                    "float": false,
                                    "short": false,
                                    "long": false,
                                    "pojo": false,
                                    "binary": false,
                                    "int": false,
                                    "double": false,
                                    "valueNode": false,
                                    "containerNode": true,
                                    "missingNode": false,
                                    "integralNumber": false,
                                    "floatingPointNumber": false,
                                    "bigDecimal": false,
                                    "bigInteger": false,
                                    "textual": false,
                                    "boolean": false,
                                    "number": false
                                  },
                                  {
                                    "_nodeFactory": {
                                      "_cfgBigDecimalExact": false
                                    },
                                    "_children": {
                                      "Fn::Select": {
                                        "_nodeFactory": {
                                          "_cfgBigDecimalExact": false
                                        },
                                        "_children": [
                                          {
                                            "_value": 1,
                                            "int": true,
                                            "integralNumber": true,
                                            "naN": false,
                                            "empty": true,
                                            "array": false,
                                            "null": false,
                                            "float": false,
                                            "short": false,
                                            "long": false,
                                            "pojo": false,
                                            "binary": false,
                                            "double": false,
                                            "valueNode": true,
                                            "object": false,
                                            "containerNode": false,
                                            "missingNode": false,
                                            "floatingPointNumber": false,
                                            "bigDecimal": false,
                                            "bigInteger": false,
                                            "textual": false,
                                            "boolean": false,
                                            "number": true
                                          },
                                          {
                                            "_nodeFactory": {
                                              "_cfgBigDecimalExact": false
                                            },
                                            "_children": {
                                              "Fn::Split": {
                                                "_nodeFactory": {
                                                  "_cfgBigDecimalExact": false
                                                },
                                                "_children": [
                                                  {
                                                    "_value": "||",
                                                    "empty": true,
                                                    "array": false,
                                                    "null": false,
                                                    "float": false,
                                                    "short": false,
                                                    "long": false,
                                                    "pojo": false,
                                                    "binary": false,
                                                    "int": false,
                                                    "double": false,
                                                    "valueNode": true,
                                                    "object": false,
                                                    "containerNode": false,
                                                    "missingNode": false,
                                                    "integralNumber": false,
                                                    "floatingPointNumber": false,
                                                    "bigDecimal": false,
                                                    "bigInteger": false,
                                                    "textual": true,
                                                    "boolean": false,
                                                    "number": false
                                                  },
                                                  {
                                                    "_nodeFactory": {
                                                      "_cfgBigDecimalExact": false
                                                    },
                                                    "_children": {
                                                      "Ref": {
                                                        "_value": "AssetParameters46c0277996190033243e7490c8ab35b0018660b0fd1a060f13e8c65ad635dd0bS3VersionKey8B1568C2",
                                                        "empty": true,
                                                        "array": false,
                                                        "null": false,
                                                        "float": false,
                                                        "short": false,
                                                        "long": false,
                                                        "pojo": false,
                                                        "binary": false,
                                                        "int": false,
                                                        "double": false,
                                                        "valueNode": true,
                                                        "object": false,
                                                        "containerNode": false,
                                                        "missingNode": false,
                                                        "integralNumber": false,
                                                        "floatingPointNumber": false,
                                                        "bigDecimal": false,
                                                        "bigInteger": false,
                                                        "textual": true,
                                                        "boolean": false,
                                                        "number": false
                                                      }
                                                    },
                                                    "empty": false,
                                                    "object": true,
                                                    "array": false,
                                                    "null": false,
                                                    "float": false,
                                                    "short": false,
                                                    "long": false,
                                                    "pojo": false,
                                                    "binary": false,
                                                    "int": false,
                                                    "double": false,
                                                    "valueNode": false,
                                                    "containerNode": true,
                                                    "missingNode": false,
                                                    "integralNumber": false,
                                                    "floatingPointNumber": false,
                                                    "bigDecimal": false,
                                                    "bigInteger": false,
                                                    "textual": false,
                                                    "boolean": false,
                                                    "number": false
                                                  }
                                                ],
                                                "array": true,
                                                "empty": false,
                                                "null": false,
                                                "float": false,
                                                "short": false,
                                                "long": false,
                                                "pojo": false,
                                                "binary": false,
                                                "int": false,
                                                "double": false,
                                                "valueNode": false,
                                                "object": false,
                                                "containerNode": true,
                                                "missingNode": false,
                                                "integralNumber": false,
                                                "floatingPointNumber": false,
                                                "bigDecimal": false,
                                                "bigInteger": false,
                                                "textual": false,
                                                "boolean": false,
                                                "number": false
                                              }
                                            },
                                            "empty": false,
                                            "object": true,
                                            "array": false,
                                            "null": false,
                                            "float": false,
                                            "short": false,
                                            "long": false,
                                            "pojo": false,
                                            "binary": false,
                                            "int": false,
                                            "double": false,
                                            "valueNode": false,
                                            "containerNode": true,
                                            "missingNode": false,
                                            "integralNumber": false,
                                            "floatingPointNumber": false,
                                            "bigDecimal": false,
                                            "bigInteger": false,
                                            "textual": false,
                                            "boolean": false,
                                            "number": false
                                          }
                                        ],
                                        "array": true,
                                        "empty": false,
                                        "null": false,
                                        "float": false,
                                        "short": false,
                                        "long": false,
                                        "pojo": false,
                                        "binary": false,
                                        "int": false,
                                        "double": false,
                                        "valueNode": false,
                                        "object": false,
                                        "containerNode": true,
                                        "missingNode": false,
                                        "integralNumber": false,
                                        "floatingPointNumber": false,
                                        "bigDecimal": false,
                                        "bigInteger": false,
                                        "textual": false,
                                        "boolean": false,
                                        "number": false
                                      }
                                    },
                                    "empty": false,
                                    "object": true,
                                    "array": false,
                                    "null": false,
                                    "float": false,
                                    "short": false,
                                    "long": false,
                                    "pojo": false,
                                    "binary": false,
                                    "int": false,
                                    "double": false,
                                    "valueNode": false,
                                    "containerNode": true,
                                    "missingNode": false,
                                    "integralNumber": false,
                                    "floatingPointNumber": false,
                                    "bigDecimal": false,
                                    "bigInteger": false,
                                    "textual": false,
                                    "boolean": false,
                                    "number": false
                                  }
                                ],
                                "array": true,
                                "empty": false,
                                "null": false,
                                "float": false,
                                "short": false,
                                "long": false,
                                "pojo": false,
                                "binary": false,
                                "int": false,
                                "double": false,
                                "valueNode": false,
                                "object": false,
                                "containerNode": true,
                                "missingNode": false,
                                "integralNumber": false,
                                "floatingPointNumber": false,
                                "bigDecimal": false,
                                "bigInteger": false,
                                "textual": false,
                                "boolean": false,
                                "number": false
                              }
                            ],
                            "array": true,
                            "empty": false,
                            "null": false,
                            "float": false,
                            "short": false,
                            "long": false,
                            "pojo": false,
                            "binary": false,
                            "int": false,
                            "double": false,
                            "valueNode": false,
                            "object": false,
                            "containerNode": true,
                            "missingNode": false,
                            "integralNumber": false,
                            "floatingPointNumber": false,
                            "bigDecimal": false,
                            "bigInteger": false,
                            "textual": false,
                            "boolean": false,
                            "number": false
                          }
                        },
                        "empty": false,
                        "object": true,
                        "array": false,
                        "null": false,
                        "float": false,
                        "short": false,
                        "long": false,
                        "pojo": false,
                        "binary": false,
                        "int": false,
                        "double": false,
                        "valueNode": false,
                        "containerNode": true,
                        "missingNode": false,
                        "integralNumber": false,
                        "floatingPointNumber": false,
                        "bigDecimal": false,
                        "bigInteger": false,
                        "textual": false,
                        "boolean": false,
                        "number": false
                      }
                    },
                    "empty": false,
                    "object": true,
                    "array": false,
                    "null": false,
                    "float": false,
                    "short": false,
                    "long": false,
                    "pojo": false,
                    "binary": false,
                    "int": false,
                    "double": false,
                    "valueNode": false,
                    "containerNode": true,
                    "missingNode": false,
                    "integralNumber": false,
                    "floatingPointNumber": false,
                    "bigDecimal": false,
                    "bigInteger": false,
                    "textual": false,
                    "boolean": false,
                    "number": false
                  },
                  "FunctionName": {
                    "_value": "dev-quarkus-lambda",
                    "empty": true,
                    "array": false,
                    "null": false,
                    "float": false,
                    "short": false,
                    "long": false,
                    "pojo": false,
                    "binary": false,
                    "int": false,
                    "double": false,
                    "valueNode": true,
                    "object": false,
                    "containerNode": false,
                    "missingNode": false,
                    "integralNumber": false,
                    "floatingPointNumber": false,
                    "bigDecimal": false,
                    "bigInteger": false,
                    "textual": true,
                    "boolean": false,
                    "number": false
                  },
                  "Handler": {
                    "_value": "test",
                    "empty": true,
                    "array": false,
                    "null": false,
                    "float": false,
                    "short": false,
                    "long": false,
                    "pojo": false,
                    "binary": false,
                    "int": false,
                    "double": false,
                    "valueNode": true,
                    "object": false,
                    "containerNode": false,
                    "missingNode": false,
                    "integralNumber": false,
                    "floatingPointNumber": false,
                    "bigDecimal": false,
                    "bigInteger": false,
                    "textual": true,
                    "boolean": false,
                    "number": false
                  },
                  "MemorySize": {
                    "_value": 512,
                    "int": true,
                    "integralNumber": true,
                    "naN": false,
                    "empty": true,
                    "array": false,
                    "null": false,
                    "float": false,
                    "short": false,
                    "long": false,
                    "pojo": false,
                    "binary": false,
                    "double": false,
                    "valueNode": true,
                    "object": false,
                    "containerNode": false,
                    "missingNode": false,
                    "floatingPointNumber": false,
                    "bigDecimal": false,
                    "bigInteger": false,
                    "textual": false,
                    "boolean": false,
                    "number": true
                  },
                  "Role": {
                    "_nodeFactory": {
                      "_cfgBigDecimalExact": false
                    },
                    "_children": {
                      "Fn::GetAtt": {
                        "_nodeFactory": {
                          "_cfgBigDecimalExact": false
                        },
                        "_children": [
                          {
                            "_value": "quarkuslambdaServiceRole1F38A68C",
                            "empty": true,
                            "array": false,
                            "null": false,
                            "float": false,
                            "short": false,
                            "long": false,
                            "pojo": false,
                            "binary": false,
                            "int": false,
                            "double": false,
                            "valueNode": true,
                            "object": false,
                            "containerNode": false,
                            "missingNode": false,
                            "integralNumber": false,
                            "floatingPointNumber": false,
                            "bigDecimal": false,
                            "bigInteger": false,
                            "textual": true,
                            "boolean": false,
                            "number": false
                          },
                          {
                            "_value": "Arn",
                            "empty": true,
                            "array": false,
                            "null": false,
                            "float": false,
                            "short": false,
                            "long": false,
                            "pojo": false,
                            "binary": false,
                            "int": false,
                            "double": false,
                            "valueNode": true,
                            "object": false,
                            "containerNode": false,
                            "missingNode": false,
                            "integralNumber": false,
                            "floatingPointNumber": false,
                            "bigDecimal": false,
                            "bigInteger": false,
                            "textual": true,
                            "boolean": false,
                            "number": false
                          }
                        ],
                        "array": true,
                        "empty": false,
                        "null": false,
                        "float": false,
                        "short": false,
                        "long": false,
                        "pojo": false,
                        "binary": false,
                        "int": false,
                        "double": false,
                        "valueNode": false,
                        "object": false,
                        "containerNode": true,
                        "missingNode": false,
                        "integralNumber": false,
                        "floatingPointNumber": false,
                        "bigDecimal": false,
                        "bigInteger": false,
                        "textual": false,
                        "boolean": false,
                        "number": false
                      }
                    },
                    "empty": false,
                    "object": true,
                    "array": false,
                    "null": false,
                    "float": false,
                    "short": false,
                    "long": false,
                    "pojo": false,
                    "binary": false,
                    "int": false,
                    "double": false,
                    "valueNode": false,
                    "containerNode": true,
                    "missingNode": false,
                    "integralNumber": false,
                    "floatingPointNumber": false,
                    "bigDecimal": false,
                    "bigInteger": false,
                    "textual": false,
                    "boolean": false,
                    "number": false
                  },
                  "Runtime": {
                    "_value": "java8",
                    "empty": true,
                    "array": false,
                    "null": false,
                    "float": false,
                    "short": false,
                    "long": false,
                    "pojo": false,
                    "binary": false,
                    "int": false,
                    "double": false,
                    "valueNode": true,
                    "object": false,
                    "containerNode": false,
                    "missingNode": false,
                    "integralNumber": false,
                    "floatingPointNumber": false,
                    "bigDecimal": false,
                    "bigInteger": false,
                    "textual": true,
                    "boolean": false,
                    "number": false
                  },
                  "Timeout": {
                    "_value": 20,
                    "int": true,
                    "integralNumber": true,
                    "naN": false,
                    "empty": true,
                    "array": false,
                    "null": false,
                    "float": false,
                    "short": false,
                    "long": false,
                    "pojo": false,
                    "binary": false,
                    "double": false,
                    "valueNode": true,
                    "object": false,
                    "containerNode": false,
                    "missingNode": false,
                    "floatingPointNumber": false,
                    "bigDecimal": false,
                    "bigInteger": false,
                    "textual": false,
                    "boolean": false,
                    "number": true
                  }
                },
                "empty": false,
                "object": true,
                "array": false,
                "null": false,
                "float": false,
                "short": false,
                "long": false,
                "pojo": false,
                "binary": false,
                "int": false,
                "double": false,
                "valueNode": false,
                "containerNode": true,
                "missingNode": false,
                "integralNumber": false,
                "floatingPointNumber": false,
                "bigDecimal": false,
                "bigInteger": false,
                "textual": false,
                "boolean": false,
                "number": false
              },
              "Type": {
                "_value": "AWS::Lambda::Function",
                "empty": true,
                "array": false,
                "null": false,
                "float": false,
                "short": false,
                "long": false,
                "pojo": false,
                "binary": false,
                "int": false,
                "double": false,
                "valueNode": true,
                "object": false,
                "containerNode": false,
                "missingNode": false,
                "integralNumber": false,
                "floatingPointNumber": false,
                "bigDecimal": false,
                "bigInteger": false,
                "textual": true,
                "boolean": false,
                "number": false
              }
            },
            "empty": false,
            "object": true,
            "array": false,
            "null": false,
            "float": false,
            "short": false,
            "long": false,
            "pojo": false,
            "binary": false,
            "int": false,
            "double": false,
            "valueNode": false,
            "containerNode": true,
            "missingNode": false,
            "integralNumber": false,
            "floatingPointNumber": false,
            "bigDecimal": false,
            "bigInteger": false,
            "textual": false,
            "boolean": false,
            "number": false
          },
          "quarkuslambdaServiceRole1F38A68C": {
            "_nodeFactory": {
              "_cfgBigDecimalExact": false
            },
            "_children": {
              "Properties": {
                "_nodeFactory": {
                  "_cfgBigDecimalExact": false
                },
                "_children": {
                  "AssumeRolePolicyDocument": {
                    "_nodeFactory": {
                      "_cfgBigDecimalExact": false
                    },
                    "_children": {
                      "Statement": {
                        "_nodeFactory": {
                          "_cfgBigDecimalExact": false
                        },
                        "_children": [
                          {
                            "_nodeFactory": {
                              "_cfgBigDecimalExact": false
                            },
                            "_children": {
                              "Action": {
                                "_value": "sts:AssumeRole",
                                "empty": true,
                                "array": false,
                                "null": false,
                                "float": false,
                                "short": false,
                                "long": false,
                                "pojo": false,
                                "binary": false,
                                "int": false,
                                "double": false,
                                "valueNode": true,
                                "object": false,
                                "containerNode": false,
                                "missingNode": false,
                                "integralNumber": false,
                                "floatingPointNumber": false,
                                "bigDecimal": false,
                                "bigInteger": false,
                                "textual": true,
                                "boolean": false,
                                "number": false
                              },
                              "Effect": {
                                "_value": "Allow",
                                "empty": true,
                                "array": false,
                                "null": false,
                                "float": false,
                                "short": false,
                                "long": false,
                                "pojo": false,
                                "binary": false,
                                "int": false,
                                "double": false,
                                "valueNode": true,
                                "object": false,
                                "containerNode": false,
                                "missingNode": false,
                                "integralNumber": false,
                                "floatingPointNumber": false,
                                "bigDecimal": false,
                                "bigInteger": false,
                                "textual": true,
                                "boolean": false,
                                "number": false
                              },
                              "Principal": {
                                "_nodeFactory": {
                                  "_cfgBigDecimalExact": false
                                },
                                "_children": {
                                  "Service": {
                                    "_value": "lambda.amazonaws.com",
                                    "empty": true,
                                    "array": false,
                                    "null": false,
                                    "float": false,
                                    "short": false,
                                    "long": false,
                                    "pojo": false,
                                    "binary": false,
                                    "int": false,
                                    "double": false,
                                    "valueNode": true,
                                    "object": false,
                                    "containerNode": false,
                                    "missingNode": false,
                                    "integralNumber": false,
                                    "floatingPointNumber": false,
                                    "bigDecimal": false,
                                    "bigInteger": false,
                                    "textual": true,
                                    "boolean": false,
                                    "number": false
                                  }
                                },
                                "empty": false,
                                "object": true,
                                "array": false,
                                "null": false,
                                "float": false,
                                "short": false,
                                "long": false,
                                "pojo": false,
                                "binary": false,
                                "int": false,
                                "double": false,
                                "valueNode": false,
                                "containerNode": true,
                                "missingNode": false,
                                "integralNumber": false,
                                "floatingPointNumber": false,
                                "bigDecimal": false,
                                "bigInteger": false,
                                "textual": false,
                                "boolean": false,
                                "number": false
                              }
                            },
                            "empty": false,
                            "object": true,
                            "array": false,
                            "null": false,
                            "float": false,
                            "short": false,
                            "long": false,
                            "pojo": false,
                            "binary": false,
                            "int": false,
                            "double": false,
                            "valueNode": false,
                            "containerNode": true,
                            "missingNode": false,
                            "integralNumber": false,
                            "floatingPointNumber": false,
                            "bigDecimal": false,
                            "bigInteger": false,
                            "textual": false,
                            "boolean": false,
                            "number": false
                          }
                        ],
                        "array": true,
                        "empty": false,
                        "null": false,
                        "float": false,
                        "short": false,
                        "long": false,
                        "pojo": false,
                        "binary": false,
                        "int": false,
                        "double": false,
                        "valueNode": false,
                        "object": false,
                        "containerNode": true,
                        "missingNode": false,
                        "integralNumber": false,
                        "floatingPointNumber": false,
                        "bigDecimal": false,
                        "bigInteger": false,
                        "textual": false,
                        "boolean": false,
                        "number": false
                      },
                      "Version": {
                        "_value": "2012-10-17",
                        "empty": true,
                        "array": false,
                        "null": false,
                        "float": false,
                        "short": false,
                        "long": false,
                        "pojo": false,
                        "binary": false,
                        "int": false,
                        "double": false,
                        "valueNode": true,
                        "object": false,
                        "containerNode": false,
                        "missingNode": false,
                        "integralNumber": false,
                        "floatingPointNumber": false,
                        "bigDecimal": false,
                        "bigInteger": false,
                        "textual": true,
                        "boolean": false,
                        "number": false
                      }
                    },
                    "empty": false,
                    "object": true,
                    "array": false,
                    "null": false,
                    "float": false,
                    "short": false,
                    "long": false,
                    "pojo": false,
                    "binary": false,
                    "int": false,
                    "double": false,
                    "valueNode": false,
                    "containerNode": true,
                    "missingNode": false,
                    "integralNumber": false,
                    "floatingPointNumber": false,
                    "bigDecimal": false,
                    "bigInteger": false,
                    "textual": false,
                    "boolean": false,
                    "number": false
                  },
                  "ManagedPolicyArns": {
                    "_nodeFactory": {
                      "_cfgBigDecimalExact": false
                    },
                    "_children": [
                      {
                        "_nodeFactory": {
                          "_cfgBigDecimalExact": false
                        },
                        "_children": {
                          "Fn::Join": {
                            "_nodeFactory": {
                              "_cfgBigDecimalExact": false
                            },
                            "_children": [
                              {
                                "_value": "",
                                "empty": true,
                                "array": false,
                                "null": false,
                                "float": false,
                                "short": false,
                                "long": false,
                                "pojo": false,
                                "binary": false,
                                "int": false,
                                "double": false,
                                "valueNode": true,
                                "object": false,
                                "containerNode": false,
                                "missingNode": false,
                                "integralNumber": false,
                                "floatingPointNumber": false,
                                "bigDecimal": false,
                                "bigInteger": false,
                                "textual": true,
                                "boolean": false,
                                "number": false
                              },
                              {
                                "_nodeFactory": {
                                  "_cfgBigDecimalExact": false
                                },
                                "_children": [
                                  {
                                    "_value": "arn:",
                                    "empty": true,
                                    "array": false,
                                    "null": false,
                                    "float": false,
                                    "short": false,
                                    "long": false,
                                    "pojo": false,
                                    "binary": false,
                                    "int": false,
                                    "double": false,
                                    "valueNode": true,
                                    "object": false,
                                    "containerNode": false,
                                    "missingNode": false,
                                    "integralNumber": false,
                                    "floatingPointNumber": false,
                                    "bigDecimal": false,
                                    "bigInteger": false,
                                    "textual": true,
                                    "boolean": false,
                                    "number": false
                                  },
                                  {
                                    "_nodeFactory": {
                                      "_cfgBigDecimalExact": false
                                    },
                                    "_children": {
                                      "Ref": {
                                        "_value": "AWS::Partition",
                                        "empty": true,
                                        "array": false,
                                        "null": false,
                                        "float": false,
                                        "short": false,
                                        "long": false,
                                        "pojo": false,
                                        "binary": false,
                                        "int": false,
                                        "double": false,
                                        "valueNode": true,
                                        "object": false,
                                        "containerNode": false,
                                        "missingNode": false,
                                        "integralNumber": false,
                                        "floatingPointNumber": false,
                                        "bigDecimal": false,
                                        "bigInteger": false,
                                        "textual": true,
                                        "boolean": false,
                                        "number": false
                                      }
                                    },
                                    "empty": false,
                                    "object": true,
                                    "array": false,
                                    "null": false,
                                    "float": false,
                                    "short": false,
                                    "long": false,
                                    "pojo": false,
                                    "binary": false,
                                    "int": false,
                                    "double": false,
                                    "valueNode": false,
                                    "containerNode": true,
                                    "missingNode": false,
                                    "integralNumber": false,
                                    "floatingPointNumber": false,
                                    "bigDecimal": false,
                                    "bigInteger": false,
                                    "textual": false,
                                    "boolean": false,
                                    "number": false
                                  },
                                  {
                                    "_value": ":iam::aws:policy/service-role/AWSLambdaBasicExecutionRole",
                                    "empty": true,
                                    "array": false,
                                    "null": false,
                                    "float": false,
                                    "short": false,
                                    "long": false,
                                    "pojo": false,
                                    "binary": false,
                                    "int": false,
                                    "double": false,
                                    "valueNode": true,
                                    "object": false,
                                    "containerNode": false,
                                    "missingNode": false,
                                    "integralNumber": false,
                                    "floatingPointNumber": false,
                                    "bigDecimal": false,
                                    "bigInteger": false,
                                    "textual": true,
                                    "boolean": false,
                                    "number": false
                                  }
                                ],
                                "array": true,
                                "empty": false,
                                "null": false,
                                "float": false,
                                "short": false,
                                "long": false,
                                "pojo": false,
                                "binary": false,
                                "int": false,
                                "double": false,
                                "valueNode": false,
                                "object": false,
                                "containerNode": true,
                                "missingNode": false,
                                "integralNumber": false,
                                "floatingPointNumber": false,
                                "bigDecimal": false,
                                "bigInteger": false,
                                "textual": false,
                                "boolean": false,
                                "number": false
                              }
                            ],
                            "array": true,
                            "empty": false,
                            "null": false,
                            "float": false,
                            "short": false,
                            "long": false,
                            "pojo": false,
                            "binary": false,
                            "int": false,
                            "double": false,
                            "valueNode": false,
                            "object": false,
                            "containerNode": true,
                            "missingNode": false,
                            "integralNumber": false,
                            "floatingPointNumber": false,
                            "bigDecimal": false,
                            "bigInteger": false,
                            "textual": false,
                            "boolean": false,
                            "number": false
                          }
                        },
                        "empty": false,
                        "object": true,
                        "array": false,
                        "null": false,
                        "float": false,
                        "short": false,
                        "long": false,
                        "pojo": false,
                        "binary": false,
                        "int": false,
                        "double": false,
                        "valueNode": false,
                        "containerNode": true,
                        "missingNode": false,
                        "integralNumber": false,
                        "floatingPointNumber": false,
                        "bigDecimal": false,
                        "bigInteger": false,
                        "textual": false,
                        "boolean": false,
                        "number": false
                      }
                    ],
                    "array": true,
                    "empty": false,
                    "null": false,
                    "float": false,
                    "short": false,
                    "long": false,
                    "pojo": false,
                    "binary": false,
                    "int": false,
                    "double": false,
                    "valueNode": false,
                    "object": false,
                    "containerNode": true,
                    "missingNode": false,
                    "integralNumber": false,
                    "floatingPointNumber": false,
                    "bigDecimal": false,
                    "bigInteger": false,
                    "textual": false,
                    "boolean": false,
                    "number": false
                  }
                },
                "empty": false,
                "object": true,
                "array": false,
                "null": false,
                "float": false,
                "short": false,
                "long": false,
                "pojo": false,
                "binary": false,
                "int": false,
                "double": false,
                "valueNode": false,
                "containerNode": true,
                "missingNode": false,
                "integralNumber": false,
                "floatingPointNumber": false,
                "bigDecimal": false,
                "bigInteger": false,
                "textual": false,
                "boolean": false,
                "number": false
              },
              "Type": {
                "_value": "AWS::IAM::Role",
                "empty": true,
                "array": false,
                "null": false,
                "float": false,
                "short": false,
                "long": false,
                "pojo": false,
                "binary": false,
                "int": false,
                "double": false,
                "valueNode": true,
                "object": false,
                "containerNode": false,
                "missingNode": false,
                "integralNumber": false,
                "floatingPointNumber": false,
                "bigDecimal": false,
                "bigInteger": false,
                "textual": true,
                "boolean": false,
                "number": false
              }
            },
            "empty": false,
            "object": true,
            "array": false,
            "null": false,
            "float": false,
            "short": false,
            "long": false,
            "pojo": false,
            "binary": false,
            "int": false,
            "double": false,
            "valueNode": false,
            "containerNode": true,
            "missingNode": false,
            "integralNumber": false,
            "floatingPointNumber": false,
            "bigDecimal": false,
            "bigInteger": false,
            "textual": false,
            "boolean": false,
            "number": false
          }
        },
        "empty": false,
        "object": true,
        "array": false,
        "null": false,
        "float": false,
        "short": false,
        "long": false,
        "pojo": false,
        "binary": false,
        "int": false,
        "double": false,
        "valueNode": false,
        "containerNode": true,
        "missingNode": false,
        "integralNumber": false,
        "floatingPointNumber": false,
        "bigDecimal": false,
        "bigInteger": false,
        "textual": false,
        "boolean": false,
        "number": false
      }
    },
    "empty": false,
    "object": true,
    "array": false,
    "null": false,
    "float": false,
    "short": false,
    "long": false,
    "pojo": false,
    "binary": false,
    "int": false,
    "double": false,
    "valueNode": false,
    "containerNode": true,
    "missingNode": false,
    "integralNumber": false,
    "floatingPointNumber": false,
    "bigDecimal": false,
    "bigInteger": false,
    "textual": false,
    "boolean": false,
    "number": false
  }
]